семантическая ошибка: несовпадение количества аргументов: функция 'add' ожидает 2 аргумент(ов), получено 1
  --> program.src:7:13
  | в функции 'main'
  = ожидалось: 2 аргументов
  = найдено: 1 аргументов
  = примечание: сигнатура функции: add(int, int) -> int

--- найдено 1 семантическая ошибка ---
